-0.857399 

-0.695074 

-0.926031 

-0.892267 

0.70373 

-0.780331 

-0.727723 

-0.628845 

-0.63627 

-0.789599 


